ARM Linker, 5.03 [Build 24] [MDK-ARM Standard]

==============================================================================

Section Cross References

    startup.o(RESET) refers to startup.o(STACK) for StackMem
    startup.o(RESET) refers to smart_senseo.o(i.GPIO_PortD_IntHandler) for GPIO_PortD_IntHandler
    startup.o(RESET) refers to smart_senseo.o(i.UART0_usb_IntHandler) for UART0_usb_IntHandler
    startup.o(RESET) refers to smart_senseo.o(i.UART1_bt_IntHandler) for UART1_bt_IntHandler
    startup.o(RESET) refers to smart_senseo.o(i.UART4_rfid_IntHandler) for UART4_rfid_IntHandler
    startup.o(RESET) refers to entry.o(.ARM.Collect$$$$00000000) for __main
    smart_senseo.o(i.GPIO_PortD_IntHandler) refers to gpio.o(i.GPIOPinIntClear) for GPIOPinIntClear
    smart_senseo.o(i.GPIO_PortD_IntHandler) refers to smart_senseo.o(.data) for .data
    smart_senseo.o(i.UART0_usb_IntHandler) refers to uart.o(i.UARTIntStatus) for UARTIntStatus
    smart_senseo.o(i.UART0_usb_IntHandler) refers to uart.o(i.UARTIntClear) for UARTIntClear
    smart_senseo.o(i.UART0_usb_IntHandler) refers to uart.o(i.UARTCharGet) for UARTCharGet
    smart_senseo.o(i.UART0_usb_IntHandler) refers to uart.o(i.UARTCharPut) for UARTCharPut
    smart_senseo.o(i.UART0_usb_IntHandler) refers to uart.o(i.UARTCharsAvail) for UARTCharsAvail
    smart_senseo.o(i.UART1_bt_IntHandler) refers to uart.o(i.UARTIntStatus) for UARTIntStatus
    smart_senseo.o(i.UART1_bt_IntHandler) refers to uart.o(i.UARTIntClear) for UARTIntClear
    smart_senseo.o(i.UART1_bt_IntHandler) refers to uart.o(i.UARTCharGet) for UARTCharGet
    smart_senseo.o(i.UART1_bt_IntHandler) refers to uart.o(i.UARTCharPut) for UARTCharPut
    smart_senseo.o(i.UART1_bt_IntHandler) refers to uart.o(i.UARTCharsAvail) for UARTCharsAvail
    smart_senseo.o(i.UART1_bt_IntHandler) refers to smart_senseo.o(.data) for .data
    smart_senseo.o(i.UART4_rfid_IntHandler) refers to uart.o(i.UARTIntStatus) for UARTIntStatus
    smart_senseo.o(i.UART4_rfid_IntHandler) refers to uart.o(i.UARTIntClear) for UARTIntClear
    smart_senseo.o(i.UART4_rfid_IntHandler) refers to uart.o(i.UARTCharGet) for UARTCharGet
    smart_senseo.o(i.UART4_rfid_IntHandler) refers to uart.o(i.UARTCharsAvail) for UARTCharsAvail
    smart_senseo.o(i.UART4_rfid_IntHandler) refers to smart_senseo.o(.bss) for .bss
    smart_senseo.o(i.get_status) refers to sysctl.o(i.SysCtlClockGet) for SysCtlClockGet
    smart_senseo.o(i.get_status) refers to sysctl.o(.emb_text) for SysCtlDelay
    smart_senseo.o(i.get_status) refers to uart.o(i.UARTCharPut) for UARTCharPut
    smart_senseo.o(i.get_status) refers to gpio.o(i.GPIOPinRead) for GPIOPinRead
    smart_senseo.o(i.get_status) refers to smart_senseo.o(.data) for .data
    smart_senseo.o(i.get_status) refers to smart_senseo.o(.bss) for .bss
    smart_senseo.o(i.main) refers to fpu.o(i.FPUEnable) for FPUEnable
    smart_senseo.o(i.main) refers to fpu.o(i.FPULazyStackingEnable) for FPULazyStackingEnable
    smart_senseo.o(i.main) refers to sysctl.o(i.SysCtlClockSet) for SysCtlClockSet
    smart_senseo.o(i.main) refers to interrupt.o(i.IntMasterEnable) for IntMasterEnable
    smart_senseo.o(i.main) refers to sysctl.o(i.SysCtlPeripheralEnable) for SysCtlPeripheralEnable
    smart_senseo.o(i.main) refers to gpio.o(i.GPIOPinTypeGPIOOutput) for GPIOPinTypeGPIOOutput
    smart_senseo.o(i.main) refers to gpio.o(i.GPIOPinTypeGPIOInput) for GPIOPinTypeGPIOInput
    smart_senseo.o(i.main) refers to gpio.o(i.GPIOPadConfigSet) for GPIOPadConfigSet
    smart_senseo.o(i.main) refers to gpio.o(i.GPIOIntTypeSet) for GPIOIntTypeSet
    smart_senseo.o(i.main) refers to gpio.o(i.GPIOPinIntClear) for GPIOPinIntClear
    smart_senseo.o(i.main) refers to gpio.o(i.GPIOPinIntEnable) for GPIOPinIntEnable
    smart_senseo.o(i.main) refers to interrupt.o(i.IntPrioritySet) for IntPrioritySet
    smart_senseo.o(i.main) refers to interrupt.o(i.IntEnable) for IntEnable
    smart_senseo.o(i.main) refers to gpio.o(i.GPIOPinConfigure) for GPIOPinConfigure
    smart_senseo.o(i.main) refers to gpio.o(i.GPIOPinTypeUART) for GPIOPinTypeUART
    smart_senseo.o(i.main) refers to sysctl.o(i.SysCtlClockGet) for SysCtlClockGet
    smart_senseo.o(i.main) refers to uart.o(i.UARTConfigSetExpClk) for UARTConfigSetExpClk
    smart_senseo.o(i.main) refers to uart.o(i.UARTIntEnable) for UARTIntEnable
    smart_senseo.o(i.main) refers to uart.o(i.UARTCharPut) for UARTCharPut
    smart_senseo.o(i.main) refers to gpio.o(i.GPIOPinWrite) for GPIOPinWrite
    smart_senseo.o(i.main) refers to sysctl.o(.emb_text) for SysCtlDelay
    smart_senseo.o(i.main) refers to smart_senseo.o(i.get_status) for get_status
    smart_senseo.o(i.main) refers to smart_senseo.o(.data) for .data
    gpio.o(i.GPIOPinConfigure) refers to gpio.o(.constdata) for .constdata
    gpio.o(i.GPIOPinTypeADC) refers to gpio.o(i.GPIODirModeSet) for GPIODirModeSet
    gpio.o(i.GPIOPinTypeADC) refers to gpio.o(i.GPIOPadConfigSet) for GPIOPadConfigSet
    gpio.o(i.GPIOPinTypeCAN) refers to gpio.o(i.GPIODirModeSet) for GPIODirModeSet
    gpio.o(i.GPIOPinTypeCAN) refers to gpio.o(i.GPIOPadConfigSet) for GPIOPadConfigSet
    gpio.o(i.GPIOPinTypeComparator) refers to gpio.o(i.GPIODirModeSet) for GPIODirModeSet
    gpio.o(i.GPIOPinTypeComparator) refers to gpio.o(i.GPIOPadConfigSet) for GPIOPadConfigSet
    gpio.o(i.GPIOPinTypeEPI) refers to gpio.o(i.GPIODirModeSet) for GPIODirModeSet
    gpio.o(i.GPIOPinTypeEPI) refers to gpio.o(i.GPIOPadConfigSet) for GPIOPadConfigSet
    gpio.o(i.GPIOPinTypeEthernetLED) refers to gpio.o(i.GPIODirModeSet) for GPIODirModeSet
    gpio.o(i.GPIOPinTypeEthernetLED) refers to gpio.o(i.GPIOPadConfigSet) for GPIOPadConfigSet
    gpio.o(i.GPIOPinTypeEthernetMII) refers to gpio.o(i.GPIODirModeSet) for GPIODirModeSet
    gpio.o(i.GPIOPinTypeEthernetMII) refers to gpio.o(i.GPIOPadConfigSet) for GPIOPadConfigSet
    gpio.o(i.GPIOPinTypeFan) refers to gpio.o(i.GPIODirModeSet) for GPIODirModeSet
    gpio.o(i.GPIOPinTypeFan) refers to gpio.o(i.GPIOPadConfigSet) for GPIOPadConfigSet
    gpio.o(i.GPIOPinTypeGPIOInput) refers to gpio.o(i.GPIODirModeSet) for GPIODirModeSet
    gpio.o(i.GPIOPinTypeGPIOInput) refers to gpio.o(i.GPIOPadConfigSet) for GPIOPadConfigSet
    gpio.o(i.GPIOPinTypeGPIOOutput) refers to gpio.o(i.GPIOPadConfigSet) for GPIOPadConfigSet
    gpio.o(i.GPIOPinTypeGPIOOutput) refers to gpio.o(i.GPIODirModeSet) for GPIODirModeSet
    gpio.o(i.GPIOPinTypeGPIOOutputOD) refers to gpio.o(i.GPIOPadConfigSet) for GPIOPadConfigSet
    gpio.o(i.GPIOPinTypeGPIOOutputOD) refers to gpio.o(i.GPIODirModeSet) for GPIODirModeSet
    gpio.o(i.GPIOPinTypeI2C) refers to gpio.o(i.GPIODirModeSet) for GPIODirModeSet
    gpio.o(i.GPIOPinTypeI2C) refers to gpio.o(i.GPIOPadConfigSet) for GPIOPadConfigSet
    gpio.o(i.GPIOPinTypeI2CSCL) refers to gpio.o(i.GPIODirModeSet) for GPIODirModeSet
    gpio.o(i.GPIOPinTypeI2CSCL) refers to gpio.o(i.GPIOPadConfigSet) for GPIOPadConfigSet
    gpio.o(i.GPIOPinTypeI2S) refers to gpio.o(i.GPIODirModeSet) for GPIODirModeSet
    gpio.o(i.GPIOPinTypeI2S) refers to gpio.o(i.GPIOPadConfigSet) for GPIOPadConfigSet
    gpio.o(i.GPIOPinTypeLPC) refers to gpio.o(i.GPIODirModeSet) for GPIODirModeSet
    gpio.o(i.GPIOPinTypeLPC) refers to gpio.o(i.GPIOPadConfigSet) for GPIOPadConfigSet
    gpio.o(i.GPIOPinTypePECIRx) refers to gpio.o(i.GPIODirModeSet) for GPIODirModeSet
    gpio.o(i.GPIOPinTypePECIRx) refers to gpio.o(i.GPIOPadConfigSet) for GPIOPadConfigSet
    gpio.o(i.GPIOPinTypePECITx) refers to gpio.o(i.GPIODirModeSet) for GPIODirModeSet
    gpio.o(i.GPIOPinTypePECITx) refers to gpio.o(i.GPIOPadConfigSet) for GPIOPadConfigSet
    gpio.o(i.GPIOPinTypePWM) refers to gpio.o(i.GPIODirModeSet) for GPIODirModeSet
    gpio.o(i.GPIOPinTypePWM) refers to gpio.o(i.GPIOPadConfigSet) for GPIOPadConfigSet
    gpio.o(i.GPIOPinTypeQEI) refers to gpio.o(i.GPIODirModeSet) for GPIODirModeSet
    gpio.o(i.GPIOPinTypeQEI) refers to gpio.o(i.GPIOPadConfigSet) for GPIOPadConfigSet
    gpio.o(i.GPIOPinTypeSSI) refers to gpio.o(i.GPIODirModeSet) for GPIODirModeSet
    gpio.o(i.GPIOPinTypeSSI) refers to gpio.o(i.GPIOPadConfigSet) for GPIOPadConfigSet
    gpio.o(i.GPIOPinTypeTimer) refers to gpio.o(i.GPIODirModeSet) for GPIODirModeSet
    gpio.o(i.GPIOPinTypeTimer) refers to gpio.o(i.GPIOPadConfigSet) for GPIOPadConfigSet
    gpio.o(i.GPIOPinTypeUART) refers to gpio.o(i.GPIODirModeSet) for GPIODirModeSet
    gpio.o(i.GPIOPinTypeUART) refers to gpio.o(i.GPIOPadConfigSet) for GPIOPadConfigSet
    gpio.o(i.GPIOPinTypeUSBAnalog) refers to gpio.o(i.GPIODirModeSet) for GPIODirModeSet
    gpio.o(i.GPIOPinTypeUSBAnalog) refers to gpio.o(i.GPIOPadConfigSet) for GPIOPadConfigSet
    gpio.o(i.GPIOPinTypeUSBDigital) refers to gpio.o(i.GPIODirModeSet) for GPIODirModeSet
    gpio.o(i.GPIOPinTypeUSBDigital) refers to gpio.o(i.GPIOPadConfigSet) for GPIOPadConfigSet
    gpio.o(i.GPIOPortIntRegister) refers to gpio.o(i.GPIOGetIntNumber) for GPIOGetIntNumber
    gpio.o(i.GPIOPortIntRegister) refers to interrupt.o(i.IntRegister) for IntRegister
    gpio.o(i.GPIOPortIntRegister) refers to interrupt.o(i.IntEnable) for IntEnable
    gpio.o(i.GPIOPortIntUnregister) refers to gpio.o(i.GPIOGetIntNumber) for GPIOGetIntNumber
    gpio.o(i.GPIOPortIntUnregister) refers to interrupt.o(i.IntDisable) for IntDisable
    gpio.o(i.GPIOPortIntUnregister) refers to interrupt.o(i.IntUnregister) for IntUnregister
    interrupt.o(i.IntDisable) refers to interrupt.o(.constdata) for .constdata
    interrupt.o(i.IntEnable) refers to interrupt.o(.constdata) for .constdata
    interrupt.o(i.IntIsEnabled) refers to interrupt.o(.constdata) for .constdata
    interrupt.o(i.IntMasterDisable) refers to cpu.o(.emb_text) for CPUcpsid
    interrupt.o(i.IntMasterEnable) refers to cpu.o(.emb_text) for CPUcpsie
    interrupt.o(i.IntPendClear) refers to interrupt.o(.constdata) for .constdata
    interrupt.o(i.IntPendSet) refers to interrupt.o(.constdata) for .constdata
    interrupt.o(i.IntPriorityGet) refers to interrupt.o(.constdata) for .constdata
    interrupt.o(i.IntPriorityGroupingGet) refers to interrupt.o(.constdata) for .constdata
    interrupt.o(i.IntPriorityGroupingSet) refers to interrupt.o(.constdata) for .constdata
    interrupt.o(i.IntPriorityMaskGet) refers to cpu.o(.emb_text) for CPUbasepriGet
    interrupt.o(i.IntPriorityMaskSet) refers to cpu.o(.emb_text) for CPUbasepriSet
    interrupt.o(i.IntPrioritySet) refers to interrupt.o(.constdata) for .constdata
    interrupt.o(i.IntRegister) refers to interrupt.o(vtable) for vtable
    interrupt.o(i.IntUnregister) refers to interrupt.o(i.IntDefaultHandler) for IntDefaultHandler
    interrupt.o(i.IntUnregister) refers to interrupt.o(vtable) for vtable
    sysctl.o(i.SysCtlClockGet) refers to sysctl.o(.constdata) for .constdata
    sysctl.o(i.SysCtlClockSet) refers to sysctl.o(.emb_text) for SysCtlDelay
    sysctl.o(i.SysCtlDeepSleep) refers to cpu.o(.emb_text) for CPUwfi
    sysctl.o(i.SysCtlI2SMClkSet) refers to sysctl.o(.constdata) for .constdata
    sysctl.o(i.SysCtlIntRegister) refers to interrupt.o(i.IntRegister) for IntRegister
    sysctl.o(i.SysCtlIntRegister) refers to interrupt.o(i.IntEnable) for IntEnable
    sysctl.o(i.SysCtlIntUnregister) refers to interrupt.o(i.IntDisable) for IntDisable
    sysctl.o(i.SysCtlIntUnregister) refers to interrupt.o(i.IntUnregister) for IntUnregister
    sysctl.o(i.SysCtlPeripheralDeepSleepDisable) refers to sysctl.o(.constdata) for .constdata
    sysctl.o(i.SysCtlPeripheralDeepSleepEnable) refers to sysctl.o(.constdata) for .constdata
    sysctl.o(i.SysCtlPeripheralDisable) refers to sysctl.o(.constdata) for .constdata
    sysctl.o(i.SysCtlPeripheralEnable) refers to sysctl.o(.constdata) for .constdata
    sysctl.o(i.SysCtlPeripheralPowerOff) refers to sysctl.o(.constdata) for .constdata
    sysctl.o(i.SysCtlPeripheralPowerOn) refers to sysctl.o(.constdata) for .constdata
    sysctl.o(i.SysCtlPeripheralPresent) refers to sysctl.o(.constdata) for .constdata
    sysctl.o(i.SysCtlPeripheralReady) refers to sysctl.o(.constdata) for .constdata
    sysctl.o(i.SysCtlPeripheralReset) refers to sysctl.o(.constdata) for .constdata
    sysctl.o(i.SysCtlPeripheralSleepDisable) refers to sysctl.o(.constdata) for .constdata
    sysctl.o(i.SysCtlPeripheralSleepEnable) refers to sysctl.o(.constdata) for .constdata
    sysctl.o(i.SysCtlSleep) refers to cpu.o(.emb_text) for CPUwfi
    uart.o(i.UARTIntRegister) refers to interrupt.o(i.IntRegister) for IntRegister
    uart.o(i.UARTIntRegister) refers to interrupt.o(i.IntEnable) for IntEnable
    uart.o(i.UARTIntRegister) refers to uart.o(.constdata) for .constdata
    uart.o(i.UARTIntUnregister) refers to interrupt.o(i.IntDisable) for IntDisable
    uart.o(i.UARTIntUnregister) refers to interrupt.o(i.IntUnregister) for IntUnregister
    uart.o(i.UARTIntUnregister) refers to uart.o(.constdata) for .constdata
    entry.o(.ARM.Collect$$$$00000000) refers (Special) to entry10a.o(.ARM.Collect$$$$0000000D) for __rt_final_cpp
    entry.o(.ARM.Collect$$$$00000000) refers (Special) to entry11a.o(.ARM.Collect$$$$0000000F) for __rt_final_exit
    entry.o(.ARM.Collect$$$$00000000) refers (Special) to entry7b.o(.ARM.Collect$$$$00000008) for _main_clock
    entry.o(.ARM.Collect$$$$00000000) refers (Special) to entry8b.o(.ARM.Collect$$$$0000000A) for _main_cpp_init
    entry.o(.ARM.Collect$$$$00000000) refers (Special) to entry9a.o(.ARM.Collect$$$$0000000B) for _main_init
    entry.o(.ARM.Collect$$$$00000000) refers (Special) to entry5.o(.ARM.Collect$$$$00000004) for _main_scatterload
    entry.o(.ARM.Collect$$$$00000000) refers (Special) to entry2.o(.ARM.Collect$$$$00000001) for _main_stk
    entry2.o(.ARM.Collect$$$$00000001) refers to entry2.o(.ARM.Collect$$$$00002712) for __lit__00000000
    entry2.o(.ARM.Collect$$$$00002712) refers to startup.o(STACK) for __initial_sp
    entry2.o(__vectab_stack_and_reset_area) refers to startup.o(STACK) for __initial_sp
    entry2.o(__vectab_stack_and_reset_area) refers to entry.o(.ARM.Collect$$$$00000000) for __main
    entry5.o(.ARM.Collect$$$$00000004) refers to init.o(.text) for __scatterload
    entry9a.o(.ARM.Collect$$$$0000000B) refers to smart_senseo.o(i.main) for main
    entry9b.o(.ARM.Collect$$$$0000000C) refers to smart_senseo.o(i.main) for main
    init.o(.text) refers to entry5.o(.ARM.Collect$$$$00000004) for __main_after_scatterload


==============================================================================

Removing Unused input sections from the image.

    Removing startup.o(HEAP), (0 bytes).
    Removing startup.o(.text), (0 bytes).
    Removing fpu.o(i.FPUDisable), (16 bytes).
    Removing fpu.o(i.FPUFlushToZeroModeSet), (20 bytes).
    Removing fpu.o(i.FPUHalfPrecisionModeSet), (20 bytes).
    Removing fpu.o(i.FPUNaNModeSet), (20 bytes).
    Removing fpu.o(i.FPURoundingModeSet), (20 bytes).
    Removing fpu.o(i.FPUStackingDisable), (16 bytes).
    Removing fpu.o(i.FPUStackingEnable), (20 bytes).
    Removing gpio.o(i.GPIOADCTriggerDisable), (14 bytes).
    Removing gpio.o(i.GPIOADCTriggerEnable), (14 bytes).
    Removing gpio.o(i.GPIODMATriggerDisable), (14 bytes).
    Removing gpio.o(i.GPIODMATriggerEnable), (14 bytes).
    Removing gpio.o(i.GPIODirModeGet), (34 bytes).
    Removing gpio.o(i.GPIOGetIntNumber), (216 bytes).
    Removing gpio.o(i.GPIOIntTypeGet), (48 bytes).
    Removing gpio.o(i.GPIOPadConfigGet), (140 bytes).
    Removing gpio.o(i.GPIOPinIntDisable), (14 bytes).
    Removing gpio.o(i.GPIOPinIntStatus), (14 bytes).
    Removing gpio.o(i.GPIOPinTypeADC), (28 bytes).
    Removing gpio.o(i.GPIOPinTypeCAN), (28 bytes).
    Removing gpio.o(i.GPIOPinTypeComparator), (28 bytes).
    Removing gpio.o(i.GPIOPinTypeEPI), (28 bytes).
    Removing gpio.o(i.GPIOPinTypeEthernetLED), (28 bytes).
    Removing gpio.o(i.GPIOPinTypeEthernetMII), (28 bytes).
    Removing gpio.o(i.GPIOPinTypeFan), (28 bytes).
    Removing gpio.o(i.GPIOPinTypeGPIOOutputOD), (28 bytes).
    Removing gpio.o(i.GPIOPinTypeI2C), (28 bytes).
    Removing gpio.o(i.GPIOPinTypeI2CSCL), (132 bytes).
    Removing gpio.o(i.GPIOPinTypeI2S), (28 bytes).
    Removing gpio.o(i.GPIOPinTypeLPC), (28 bytes).
    Removing gpio.o(i.GPIOPinTypePECIRx), (28 bytes).
    Removing gpio.o(i.GPIOPinTypePECITx), (28 bytes).
    Removing gpio.o(i.GPIOPinTypePWM), (28 bytes).
    Removing gpio.o(i.GPIOPinTypeQEI), (28 bytes).
    Removing gpio.o(i.GPIOPinTypeSSI), (28 bytes).
    Removing gpio.o(i.GPIOPinTypeTimer), (28 bytes).
    Removing gpio.o(i.GPIOPinTypeUSBAnalog), (28 bytes).
    Removing gpio.o(i.GPIOPinTypeUSBDigital), (28 bytes).
    Removing gpio.o(i.GPIOPortIntRegister), (26 bytes).
    Removing gpio.o(i.GPIOPortIntUnregister), (22 bytes).
    Removing interrupt.o(i.IntDefaultHandler), (2 bytes).
    Removing interrupt.o(i.IntDisable), (100 bytes).
    Removing interrupt.o(i.IntIsEnabled), (96 bytes).
    Removing interrupt.o(i.IntMasterDisable), (10 bytes).
    Removing interrupt.o(i.IntPendClear), (68 bytes).
    Removing interrupt.o(i.IntPendSet), (84 bytes).
    Removing interrupt.o(i.IntPriorityGet), (28 bytes).
    Removing interrupt.o(i.IntPriorityGroupingGet), (40 bytes).
    Removing interrupt.o(i.IntPriorityGroupingSet), (28 bytes).
    Removing interrupt.o(i.IntPriorityMaskGet), (4 bytes).
    Removing interrupt.o(i.IntPriorityMaskSet), (4 bytes).
    Removing interrupt.o(i.IntRegister), (52 bytes).
    Removing interrupt.o(i.IntUnregister), (20 bytes).
    Removing interrupt.o(vtable), (620 bytes).
    Removing sysctl.o(i.SysCtlADCSpeedGet), (16 bytes).
    Removing sysctl.o(i.SysCtlADCSpeedSet), (32 bytes).
    Removing sysctl.o(i.SysCtlBrownOutConfigSet), (16 bytes).
    Removing sysctl.o(i.SysCtlClkVerificationClear), (20 bytes).
    Removing sysctl.o(i.SysCtlDeepSleep), (32 bytes).
    Removing sysctl.o(i.SysCtlDeepSleepClockSet), (12 bytes).
    Removing sysctl.o(i.SysCtlFlashSizeGet), (20 bytes).
    Removing sysctl.o(i.SysCtlGPIOAHBDisable), (20 bytes).
    Removing sysctl.o(i.SysCtlGPIOAHBEnable), (16 bytes).
    Removing sysctl.o(i.SysCtlI2SMClkSet), (216 bytes).
    Removing sysctl.o(i.SysCtlIOSCVerificationSet), (24 bytes).
    Removing sysctl.o(i.SysCtlIntClear), (12 bytes).
    Removing sysctl.o(i.SysCtlIntDisable), (16 bytes).
    Removing sysctl.o(i.SysCtlIntEnable), (16 bytes).
    Removing sysctl.o(i.SysCtlIntRegister), (20 bytes).
    Removing sysctl.o(i.SysCtlIntStatus), (16 bytes).
    Removing sysctl.o(i.SysCtlIntUnregister), (18 bytes).
    Removing sysctl.o(i.SysCtlLDOConfigSet), (12 bytes).
    Removing sysctl.o(i.SysCtlLDOGet), (12 bytes).
    Removing sysctl.o(i.SysCtlLDOSet), (12 bytes).
    Removing sysctl.o(i.SysCtlMOSCConfigSet), (12 bytes).
    Removing sysctl.o(i.SysCtlMOSCVerificationSet), (24 bytes).
    Removing sysctl.o(i.SysCtlPIOSCCalibrate), (76 bytes).
    Removing sysctl.o(i.SysCtlPLLVerificationSet), (24 bytes).
    Removing sysctl.o(i.SysCtlPWMClockGet), (24 bytes).
    Removing sysctl.o(i.SysCtlPWMClockSet), (20 bytes).
    Removing sysctl.o(i.SysCtlPeripheralClockGating), (24 bytes).
    Removing sysctl.o(i.SysCtlPeripheralDeepSleepDisable), (80 bytes).
    Removing sysctl.o(i.SysCtlPeripheralDeepSleepEnable), (80 bytes).
    Removing sysctl.o(i.SysCtlPeripheralDisable), (80 bytes).
    Removing sysctl.o(i.SysCtlPeripheralPowerOff), (72 bytes).
    Removing sysctl.o(i.SysCtlPeripheralPowerOn), (72 bytes).
    Removing sysctl.o(i.SysCtlPeripheralPresent), (112 bytes).
    Removing sysctl.o(i.SysCtlPeripheralReady), (72 bytes).
    Removing sysctl.o(i.SysCtlPeripheralReset), (120 bytes).
    Removing sysctl.o(i.SysCtlPeripheralSleepDisable), (80 bytes).
    Removing sysctl.o(i.SysCtlPeripheralSleepEnable), (80 bytes).
    Removing sysctl.o(i.SysCtlPinPresent), (16 bytes).
    Removing sysctl.o(i.SysCtlReset), (16 bytes).
    Removing sysctl.o(i.SysCtlResetCauseClear), (16 bytes).
    Removing sysctl.o(i.SysCtlResetCauseGet), (12 bytes).
    Removing sysctl.o(i.SysCtlSRAMSizeGet), (20 bytes).
    Removing sysctl.o(i.SysCtlSleep), (4 bytes).
    Removing sysctl.o(i.SysCtlUSBPLLDisable), (16 bytes).
    Removing sysctl.o(i.SysCtlUSBPLLEnable), (16 bytes).
    Removing sysctl.o(.data), (4 bytes).
    Removing sysctl.o(.data), (4 bytes).
    Removing sysctl.o(.data), (4 bytes).
    Removing sysctl.o(.data), (1 bytes).
    Removing uart.o(i.UART9BitAddrSend), (34 bytes).
    Removing uart.o(i.UART9BitAddrSet), (10 bytes).
    Removing uart.o(i.UART9BitDisable), (14 bytes).
    Removing uart.o(i.UART9BitEnable), (14 bytes).
    Removing uart.o(i.UARTBreakCtl), (18 bytes).
    Removing uart.o(i.UARTBusy), (8 bytes).
    Removing uart.o(i.UARTCharGetNonBlocking), (16 bytes).
    Removing uart.o(i.UARTCharPutNonBlocking), (16 bytes).
    Removing uart.o(i.UARTClockSourceGet), (6 bytes).
    Removing uart.o(i.UARTClockSourceSet), (6 bytes).
    Removing uart.o(i.UARTConfigGetExpClk), (46 bytes).
    Removing uart.o(i.UARTDMADisable), (10 bytes).
    Removing uart.o(i.UARTDMAEnable), (8 bytes).
    Removing uart.o(i.UARTDisable), (30 bytes).
    Removing uart.o(i.UARTDisableSIR), (10 bytes).
    Removing uart.o(i.UARTEnable), (20 bytes).
    Removing uart.o(i.UARTEnableSIR), (18 bytes).
    Removing uart.o(i.UARTFIFODisable), (10 bytes).
    Removing uart.o(i.UARTFIFOEnable), (10 bytes).
    Removing uart.o(i.UARTFIFOLevelGet), (16 bytes).
    Removing uart.o(i.UARTFIFOLevelSet), (6 bytes).
    Removing uart.o(i.UARTFlowControlGet), (8 bytes).
    Removing uart.o(i.UARTFlowControlSet), (12 bytes).
    Removing uart.o(i.UARTIntDisable), (10 bytes).
    Removing uart.o(i.UARTIntRegister), (52 bytes).
    Removing uart.o(i.UARTIntUnregister), (52 bytes).
    Removing uart.o(i.UARTModemControlClear), (14 bytes).
    Removing uart.o(i.UARTModemControlGet), (8 bytes).
    Removing uart.o(i.UARTModemControlSet), (12 bytes).
    Removing uart.o(i.UARTModemStatusGet), (10 bytes).
    Removing uart.o(i.UARTParityModeGet), (8 bytes).
    Removing uart.o(i.UARTParityModeSet), (12 bytes).
    Removing uart.o(i.UARTRxErrorClear), (6 bytes).
    Removing uart.o(i.UARTRxErrorGet), (8 bytes).
    Removing uart.o(i.UARTSmartCardDisable), (10 bytes).
    Removing uart.o(i.UARTSmartCardEnable), (22 bytes).
    Removing uart.o(i.UARTSpaceAvail), (10 bytes).
    Removing uart.o(i.UARTTxIntModeGet), (8 bytes).
    Removing uart.o(i.UARTTxIntModeSet), (12 bytes).
    Removing uart.o(.constdata), (64 bytes).

144 unused section(s) (total 4925 bytes) removed from the image.

==============================================================================

Image Symbol Table

    Local Symbols

    Symbol Name                              Value     Ov Type        Size  Object(Section)

    RESET                                    0x00000000   Section      644  startup.o(RESET)
    ../clib/microlib/init/entry.s            0x00000000   Number         0  entry7a.o ABSOLUTE
    ../clib/microlib/init/entry.s            0x00000000   Number         0  entry.o ABSOLUTE
    ../clib/microlib/init/entry.s            0x00000000   Number         0  entry11b.o ABSOLUTE
    ../clib/microlib/init/entry.s            0x00000000   Number         0  entry2.o ABSOLUTE
    ../clib/microlib/init/entry.s            0x00000000   Number         0  entry11a.o ABSOLUTE
    ../clib/microlib/init/entry.s            0x00000000   Number         0  entry10b.o ABSOLUTE
    ../clib/microlib/init/entry.s            0x00000000   Number         0  entry9b.o ABSOLUTE
    ../clib/microlib/init/entry.s            0x00000000   Number         0  entry10a.o ABSOLUTE
    ../clib/microlib/init/entry.s            0x00000000   Number         0  entry9a.o ABSOLUTE
    ../clib/microlib/init/entry.s            0x00000000   Number         0  entry5.o ABSOLUTE
    ../clib/microlib/init/entry.s            0x00000000   Number         0  entry7b.o ABSOLUTE
    ../clib/microlib/init/entry.s            0x00000000   Number         0  entry8a.o ABSOLUTE
    ../clib/microlib/init/entry.s            0x00000000   Number         0  entry8b.o ABSOLUTE
    Startup.s                                0x00000000   Number         0  startup.o ABSOLUTE
    cpu.c                                    0x00000000   Number         0  cpu.o ABSOLUTE
    cpu.c                                    0x00000000   Number         0  cpu.o ABSOLUTE
    dc.s                                     0x00000000   Number         0  dc.o ABSOLUTE
    fpu.c                                    0x00000000   Number         0  fpu.o ABSOLUTE
    gpio.c                                   0x00000000   Number         0  gpio.o ABSOLUTE
    handlers.s                               0x00000000   Number         0  handlers.o ABSOLUTE
    init.s                                   0x00000000   Number         0  init.o ABSOLUTE
    interrupt.c                              0x00000000   Number         0  interrupt.o ABSOLUTE
    smart_senseo.c                           0x00000000   Number         0  smart_senseo.o ABSOLUTE
    sysctl.c                                 0x00000000   Number         0  sysctl.o ABSOLUTE
    sysctl.c                                 0x00000000   Number         0  sysctl.o ABSOLUTE
    uart.c                                   0x00000000   Number         0  uart.o ABSOLUTE
    $v0                                      0x0000026c   Number         0  startup.o(RESET)
    NmiSR                                    0x0000027b   Thumb Code     0  startup.o(RESET)
    FaultISR                                 0x0000027d   Thumb Code     0  startup.o(RESET)
    IntDefaultHandler                        0x0000027f   Thumb Code     0  startup.o(RESET)
    .ARM.Collect$$$$00000000                 0x00000284   Section        0  entry.o(.ARM.Collect$$$$00000000)
    .ARM.Collect$$$$00000001                 0x00000284   Section        4  entry2.o(.ARM.Collect$$$$00000001)
    .ARM.Collect$$$$00000004                 0x00000288   Section        4  entry5.o(.ARM.Collect$$$$00000004)
    .ARM.Collect$$$$00000008                 0x0000028c   Section        0  entry7b.o(.ARM.Collect$$$$00000008)
    .ARM.Collect$$$$0000000A                 0x0000028c   Section        0  entry8b.o(.ARM.Collect$$$$0000000A)
    .ARM.Collect$$$$0000000B                 0x0000028c   Section        8  entry9a.o(.ARM.Collect$$$$0000000B)
    .ARM.Collect$$$$0000000D                 0x00000294   Section        0  entry10a.o(.ARM.Collect$$$$0000000D)
    .ARM.Collect$$$$0000000F                 0x00000294   Section        0  entry11a.o(.ARM.Collect$$$$0000000F)
    .ARM.Collect$$$$00002712                 0x00000294   Section        4  entry2.o(.ARM.Collect$$$$00002712)
    __lit__00000000                          0x00000294   Data           4  entry2.o(.ARM.Collect$$$$00002712)
    .emb_text                                0x00000298   Section        6  sysctl.o(.emb_text)
    $v0                                      0x00000298   Number         0  sysctl.o(.emb_text)
    .emb_text                                0x000002a0   Section       38  cpu.o(.emb_text)
    $v0                                      0x000002a0   Number         0  cpu.o(.emb_text)
    .text                                    0x000002c8   Section       36  init.o(.text)
    i.FPUEnable                              0x000002ec   Section        0  fpu.o(i.FPUEnable)
    i.FPULazyStackingEnable                  0x000002fc   Section        0  fpu.o(i.FPULazyStackingEnable)
    i.GPIODirModeSet                         0x0000030c   Section        0  gpio.o(i.GPIODirModeSet)
    i.GPIOIntTypeSet                         0x00000334   Section        0  gpio.o(i.GPIOIntTypeSet)
    i.GPIOPadConfigSet                       0x0000036e   Section        0  gpio.o(i.GPIOPadConfigSet)
    i.GPIOPinConfigure                       0x00000420   Section        0  gpio.o(i.GPIOPinConfigure)
    i.GPIOPinIntClear                        0x00000468   Section        0  gpio.o(i.GPIOPinIntClear)
    i.GPIOPinIntEnable                       0x0000046e   Section        0  gpio.o(i.GPIOPinIntEnable)
    i.GPIOPinRead                            0x0000047c   Section        0  gpio.o(i.GPIOPinRead)
    i.GPIOPinTypeGPIOInput                   0x00000482   Section        0  gpio.o(i.GPIOPinTypeGPIOInput)
    i.GPIOPinTypeGPIOOutput                  0x0000049e   Section        0  gpio.o(i.GPIOPinTypeGPIOOutput)
    i.GPIOPinTypeUART                        0x000004ba   Section        0  gpio.o(i.GPIOPinTypeUART)
    i.GPIOPinWrite                           0x000004d6   Section        0  gpio.o(i.GPIOPinWrite)
    i.GPIO_PortD_IntHandler                  0x000004dc   Section        0  smart_senseo.o(i.GPIO_PortD_IntHandler)
    i.IntEnable                              0x000004f8   Section        0  interrupt.o(i.IntEnable)
    i.IntMasterEnable                        0x0000055c   Section        0  interrupt.o(i.IntMasterEnable)
    i.IntPrioritySet                         0x00000568   Section        0  interrupt.o(i.IntPrioritySet)
    i.SysCtlClockGet                         0x00000590   Section        0  sysctl.o(i.SysCtlClockGet)
    i.SysCtlClockSet                         0x000007c0   Section        0  sysctl.o(i.SysCtlClockSet)
    i.SysCtlPeripheralEnable                 0x0000092c   Section        0  sysctl.o(i.SysCtlPeripheralEnable)
    i.UART0_usb_IntHandler                   0x0000097c   Section        0  smart_senseo.o(i.UART0_usb_IntHandler)
    i.UART1_bt_IntHandler                    0x000009b0   Section        0  smart_senseo.o(i.UART1_bt_IntHandler)
    i.UART4_rfid_IntHandler                  0x000009f8   Section        0  smart_senseo.o(i.UART4_rfid_IntHandler)
    i.UARTCharGet                            0x00000a30   Section        0  uart.o(i.UARTCharGet)
    i.UARTCharPut                            0x00000a3c   Section        0  uart.o(i.UARTCharPut)
    i.UARTCharsAvail                         0x00000a48   Section        0  uart.o(i.UARTCharsAvail)
    i.UARTConfigSetExpClk                    0x00000a52   Section        0  uart.o(i.UARTConfigSetExpClk)
    i.UARTIntClear                           0x00000ac0   Section        0  uart.o(i.UARTIntClear)
    i.UARTIntEnable                          0x00000ac4   Section        0  uart.o(i.UARTIntEnable)
    i.UARTIntStatus                          0x00000acc   Section        0  uart.o(i.UARTIntStatus)
    i.__scatterload_copy                     0x00000ad6   Section       14  handlers.o(i.__scatterload_copy)
    i.__scatterload_null                     0x00000ae4   Section        2  handlers.o(i.__scatterload_null)
    i.__scatterload_zeroinit                 0x00000ae6   Section       14  handlers.o(i.__scatterload_zeroinit)
    i.get_status                             0x00000af4   Section        0  smart_senseo.o(i.get_status)
    i.main                                   0x00000c5c   Section        0  smart_senseo.o(i.main)
    .constdata                               0x00000e8c   Section      120  gpio.o(.constdata)
    g_pulGPIOBaseAddrs                       0x00000e8c   Data         120  gpio.o(.constdata)
    .constdata                               0x00000f04   Section      268  interrupt.o(.constdata)
    g_pulPriority                            0x00000f04   Data          32  interrupt.o(.constdata)
    g_pulRegs                                0x00000f24   Data         156  interrupt.o(.constdata)
    g_pulEnRegs                              0x00000fc0   Data          20  interrupt.o(.constdata)
    g_pulDisRegs                             0x00000fd4   Data          20  interrupt.o(.constdata)
    g_pulPendRegs                            0x00000fe8   Data          20  interrupt.o(.constdata)
    g_pulUnpendRegs                          0x00000ffc   Data          20  interrupt.o(.constdata)
    .constdata                               0x00001010   Section      460  sysctl.o(.constdata)
    g_pulDCRegs                              0x00001010   Data          16  sysctl.o(.constdata)
    g_pulSRCRRegs                            0x00001020   Data          12  sysctl.o(.constdata)
    g_pulRCGCRegs                            0x0000102c   Data          12  sysctl.o(.constdata)
    g_pulSCGCRegs                            0x00001038   Data          12  sysctl.o(.constdata)
    g_pulDCGCRegs                            0x00001044   Data          12  sysctl.o(.constdata)
    g_pulXtals                               0x00001050   Data         108  sysctl.o(.constdata)
    g_ppulPeripheralMap                      0x000010bc   Data         288  sysctl.o(.constdata)
    .data                                    0x20000000   Section        8  smart_senseo.o(.data)
    .bss                                     0x20000008   Section       30  smart_senseo.o(.bss)
    STACK                                    0x20000028   Section      256  startup.o(STACK)
    StackMem                                 0x20000028   Data           0  startup.o(STACK)

    Global Symbols

    Symbol Name                              Value     Ov Type        Size  Object(Section)

    BuildAttributes$$THM_ISAv4$E$P$D$K$B$S$7EM$VFPi3$EXTD16$VFPS$VFMA$PE$A:L22UL41UL21$X:L11$S22US41US21$IEEE1$IW$USESV6$~STKCKD$USESV7$~SHL$OTIME$EBA8$MICROLIB$REQ8$PRES8$EABIv2 0x00000000   Number         0  anon$$obj.o ABSOLUTE
    __ARM_use_no_argv                        0x00000000   Number         0  smart_senseo.o ABSOLUTE
    __Vectors                                0x00000000   Data           0  startup.o(RESET)
    __cpp_initialize__aeabi_                  - Undefined Weak Reference
    __cxa_finalize                            - Undefined Weak Reference
    __decompress                              - Undefined Weak Reference
    _clock_init                               - Undefined Weak Reference
    _microlib_exit                            - Undefined Weak Reference
    Reset_Handler                            0x0000026d   Thumb Code     0  startup.o(RESET)
    __main                                   0x00000285   Thumb Code     0  entry.o(.ARM.Collect$$$$00000000)
    _main_stk                                0x00000285   Thumb Code     0  entry2.o(.ARM.Collect$$$$00000001)
    _main_scatterload                        0x00000289   Thumb Code     0  entry5.o(.ARM.Collect$$$$00000004)
    __main_after_scatterload                 0x0000028d   Thumb Code     0  entry5.o(.ARM.Collect$$$$00000004)
    _main_clock                              0x0000028d   Thumb Code     0  entry7b.o(.ARM.Collect$$$$00000008)
    _main_cpp_init                           0x0000028d   Thumb Code     0  entry8b.o(.ARM.Collect$$$$0000000A)
    _main_init                               0x0000028d   Thumb Code     0  entry9a.o(.ARM.Collect$$$$0000000B)
    __rt_final_cpp                           0x00000295   Thumb Code     0  entry10a.o(.ARM.Collect$$$$0000000D)
    __rt_final_exit                          0x00000295   Thumb Code     0  entry11a.o(.ARM.Collect$$$$0000000F)
    SysCtlDelay                              0x00000299   Thumb Code     6  sysctl.o(.emb_text)
    CPUcpsid                                 0x000002a1   Thumb Code     8  cpu.o(.emb_text)
    CPUprimask                               0x000002a9   Thumb Code     6  cpu.o(.emb_text)
    CPUcpsie                                 0x000002af   Thumb Code     8  cpu.o(.emb_text)
    CPUwfi                                   0x000002b7   Thumb Code     4  cpu.o(.emb_text)
    CPUbasepriSet                            0x000002bb   Thumb Code     6  cpu.o(.emb_text)
    CPUbasepriGet                            0x000002c1   Thumb Code     6  cpu.o(.emb_text)
    __scatterload                            0x000002c9   Thumb Code    28  init.o(.text)
    __scatterload_rt2                        0x000002c9   Thumb Code     0  init.o(.text)
    FPUEnable                                0x000002ed   Thumb Code    12  fpu.o(i.FPUEnable)
    FPULazyStackingEnable                    0x000002fd   Thumb Code    12  fpu.o(i.FPULazyStackingEnable)
    GPIODirModeSet                           0x0000030d   Thumb Code    40  gpio.o(i.GPIODirModeSet)
    GPIOIntTypeSet                           0x00000335   Thumb Code    58  gpio.o(i.GPIOIntTypeSet)
    GPIOPadConfigSet                         0x0000036f   Thumb Code   176  gpio.o(i.GPIOPadConfigSet)
    GPIOPinConfigure                         0x00000421   Thumb Code    64  gpio.o(i.GPIOPinConfigure)
    GPIOPinIntClear                          0x00000469   Thumb Code     6  gpio.o(i.GPIOPinIntClear)
    GPIOPinIntEnable                         0x0000046f   Thumb Code    14  gpio.o(i.GPIOPinIntEnable)
    GPIOPinRead                              0x0000047d   Thumb Code     6  gpio.o(i.GPIOPinRead)
    GPIOPinTypeGPIOInput                     0x00000483   Thumb Code    28  gpio.o(i.GPIOPinTypeGPIOInput)
    GPIOPinTypeGPIOOutput                    0x0000049f   Thumb Code    28  gpio.o(i.GPIOPinTypeGPIOOutput)
    GPIOPinTypeUART                          0x000004bb   Thumb Code    28  gpio.o(i.GPIOPinTypeUART)
    GPIOPinWrite                             0x000004d7   Thumb Code     6  gpio.o(i.GPIOPinWrite)
    GPIO_PortD_IntHandler                    0x000004dd   Thumb Code    20  smart_senseo.o(i.GPIO_PortD_IntHandler)
    IntEnable                                0x000004f9   Thumb Code    92  interrupt.o(i.IntEnable)
    IntMasterEnable                          0x0000055d   Thumb Code    10  interrupt.o(i.IntMasterEnable)
    IntPrioritySet                           0x00000569   Thumb Code    36  interrupt.o(i.IntPrioritySet)
    SysCtlClockGet                           0x00000591   Thumb Code   514  sysctl.o(i.SysCtlClockGet)
    SysCtlClockSet                           0x000007c1   Thumb Code   344  sysctl.o(i.SysCtlClockSet)
    SysCtlPeripheralEnable                   0x0000092d   Thumb Code    70  sysctl.o(i.SysCtlPeripheralEnable)
    UART0_usb_IntHandler                     0x0000097d   Thumb Code    48  smart_senseo.o(i.UART0_usb_IntHandler)
    UART1_bt_IntHandler                      0x000009b1   Thumb Code    58  smart_senseo.o(i.UART1_bt_IntHandler)
    UART4_rfid_IntHandler                    0x000009f9   Thumb Code    48  smart_senseo.o(i.UART4_rfid_IntHandler)
    UARTCharGet                              0x00000a31   Thumb Code    12  uart.o(i.UARTCharGet)
    UARTCharPut                              0x00000a3d   Thumb Code    12  uart.o(i.UARTCharPut)
    UARTCharsAvail                           0x00000a49   Thumb Code    10  uart.o(i.UARTCharsAvail)
    UARTConfigSetExpClk                      0x00000a53   Thumb Code   110  uart.o(i.UARTConfigSetExpClk)
    UARTIntClear                             0x00000ac1   Thumb Code     4  uart.o(i.UARTIntClear)
    UARTIntEnable                            0x00000ac5   Thumb Code     8  uart.o(i.UARTIntEnable)
    UARTIntStatus                            0x00000acd   Thumb Code    10  uart.o(i.UARTIntStatus)
    __scatterload_copy                       0x00000ad7   Thumb Code    14  handlers.o(i.__scatterload_copy)
    __scatterload_null                       0x00000ae5   Thumb Code     2  handlers.o(i.__scatterload_null)
    __scatterload_zeroinit                   0x00000ae7   Thumb Code    14  handlers.o(i.__scatterload_zeroinit)
    get_status                               0x00000af5   Thumb Code   338  smart_senseo.o(i.get_status)
    main                                     0x00000c5d   Thumb Code   504  smart_senseo.o(i.main)
    Region$$Table$$Base                      0x000011dc   Number         0  anon$$obj.o(Region$$Table)
    Region$$Table$$Limit                     0x000011fc   Number         0  anon$$obj.o(Region$$Table)
    command                                  0x20000000   Data           1  smart_senseo.o(.data)
    led                                      0x20000001   Data           1  smart_senseo.o(.data)
    equal                                    0x20000002   Data           1  smart_senseo.o(.data)
    status                                   0x20000003   Data           5  smart_senseo.o(.data)
    rfid                                     0x20000008   Data          10  smart_senseo.o(.bss)
    rfid1                                    0x20000012   Data          10  smart_senseo.o(.bss)
    rfid2                                    0x2000001c   Data          10  smart_senseo.o(.bss)
    __initial_sp                             0x20000128   Data           0  startup.o(STACK)



==============================================================================

Memory Map of the image

  Image Entry point : 0x0000026d

  Load Region LR_IROM1 (Base: 0x00000000, Size: 0x00001204, Max: 0x00040000, ABSOLUTE)

    Execution Region ER_IROM1 (Base: 0x00000000, Size: 0x000011fc, Max: 0x00040000, ABSOLUTE)

    Base Addr    Size         Type   Attr      Idx    E Section Name        Object

    0x00000000   0x00000284   Code   RO            3  * RESET               startup.o
    0x00000284   0x00000000   Code   RO         1170  * .ARM.Collect$$$$00000000  mc_w.l(entry.o)
    0x00000284   0x00000004   Code   RO         1173    .ARM.Collect$$$$00000001  mc_w.l(entry2.o)
    0x00000288   0x00000004   Code   RO         1176    .ARM.Collect$$$$00000004  mc_w.l(entry5.o)
    0x0000028c   0x00000000   Code   RO         1178    .ARM.Collect$$$$00000008  mc_w.l(entry7b.o)
    0x0000028c   0x00000000   Code   RO         1180    .ARM.Collect$$$$0000000A  mc_w.l(entry8b.o)
    0x0000028c   0x00000008   Code   RO         1181    .ARM.Collect$$$$0000000B  mc_w.l(entry9a.o)
    0x00000294   0x00000000   Code   RO         1183    .ARM.Collect$$$$0000000D  mc_w.l(entry10a.o)
    0x00000294   0x00000000   Code   RO         1185    .ARM.Collect$$$$0000000F  mc_w.l(entry11a.o)
    0x00000294   0x00000004   Code   RO         1174    .ARM.Collect$$$$00002712  mc_w.l(entry2.o)
    0x00000298   0x00000006   Code   RO          563    .emb_text           driverlib-cm4f.lib(sysctl.o)
    0x0000029e   0x00000002   PAD
    0x000002a0   0x00000026   Code   RO         1160    .emb_text           driverlib-cm4f.lib(cpu.o)
    0x000002c6   0x00000002   PAD
    0x000002c8   0x00000024   Code   RO         1187    .text               mc_w.l(init.o)
    0x000002ec   0x00000010   Code   RO           96    i.FPUEnable         driverlib-cm4f.lib(fpu.o)
    0x000002fc   0x00000010   Code   RO           99    i.FPULazyStackingEnable  driverlib-cm4f.lib(fpu.o)
    0x0000030c   0x00000028   Code   RO          169    i.GPIODirModeSet    driverlib-cm4f.lib(gpio.o)
    0x00000334   0x0000003a   Code   RO          172    i.GPIOIntTypeSet    driverlib-cm4f.lib(gpio.o)
    0x0000036e   0x000000b0   Code   RO          174    i.GPIOPadConfigSet  driverlib-cm4f.lib(gpio.o)
    0x0000041e   0x00000002   PAD
    0x00000420   0x00000048   Code   RO          175    i.GPIOPinConfigure  driverlib-cm4f.lib(gpio.o)
    0x00000468   0x00000006   Code   RO          176    i.GPIOPinIntClear   driverlib-cm4f.lib(gpio.o)
    0x0000046e   0x0000000e   Code   RO          178    i.GPIOPinIntEnable  driverlib-cm4f.lib(gpio.o)
    0x0000047c   0x00000006   Code   RO          180    i.GPIOPinRead       driverlib-cm4f.lib(gpio.o)
    0x00000482   0x0000001c   Code   RO          188    i.GPIOPinTypeGPIOInput  driverlib-cm4f.lib(gpio.o)
    0x0000049e   0x0000001c   Code   RO          189    i.GPIOPinTypeGPIOOutput  driverlib-cm4f.lib(gpio.o)
    0x000004ba   0x0000001c   Code   RO          201    i.GPIOPinTypeUART   driverlib-cm4f.lib(gpio.o)
    0x000004d6   0x00000006   Code   RO          204    i.GPIOPinWrite      driverlib-cm4f.lib(gpio.o)
    0x000004dc   0x0000001c   Code   RO            9    i.GPIO_PortD_IntHandler  smart_senseo.o
    0x000004f8   0x00000064   Code   RO          455    i.IntEnable         driverlib-cm4f.lib(interrupt.o)
    0x0000055c   0x0000000a   Code   RO          458    i.IntMasterEnable   driverlib-cm4f.lib(interrupt.o)
    0x00000566   0x00000002   PAD
    0x00000568   0x00000028   Code   RO          466    i.IntPrioritySet    driverlib-cm4f.lib(interrupt.o)
    0x00000590   0x00000230   Code   RO          568    i.SysCtlClockGet    driverlib-cm4f.lib(sysctl.o)
    0x000007c0   0x0000016c   Code   RO          569    i.SysCtlClockSet    driverlib-cm4f.lib(sysctl.o)
    0x0000092c   0x00000050   Code   RO          596    i.SysCtlPeripheralEnable  driverlib-cm4f.lib(sysctl.o)
    0x0000097c   0x00000034   Code   RO           10    i.UART0_usb_IntHandler  smart_senseo.o
    0x000009b0   0x00000048   Code   RO           11    i.UART1_bt_IntHandler  smart_senseo.o
    0x000009f8   0x00000038   Code   RO           12    i.UART4_rfid_IntHandler  smart_senseo.o
    0x00000a30   0x0000000c   Code   RO          877    i.UARTCharGet       driverlib-cm4f.lib(uart.o)
    0x00000a3c   0x0000000c   Code   RO          879    i.UARTCharPut       driverlib-cm4f.lib(uart.o)
    0x00000a48   0x0000000a   Code   RO          881    i.UARTCharsAvail    driverlib-cm4f.lib(uart.o)
    0x00000a52   0x0000006e   Code   RO          885    i.UARTConfigSetExpClk  driverlib-cm4f.lib(uart.o)
    0x00000ac0   0x00000004   Code   RO          898    i.UARTIntClear      driverlib-cm4f.lib(uart.o)
    0x00000ac4   0x00000008   Code   RO          900    i.UARTIntEnable     driverlib-cm4f.lib(uart.o)
    0x00000acc   0x0000000a   Code   RO          902    i.UARTIntStatus     driverlib-cm4f.lib(uart.o)
    0x00000ad6   0x0000000e   Code   RO         1191    i.__scatterload_copy  mc_w.l(handlers.o)
    0x00000ae4   0x00000002   Code   RO         1192    i.__scatterload_null  mc_w.l(handlers.o)
    0x00000ae6   0x0000000e   Code   RO         1193    i.__scatterload_zeroinit  mc_w.l(handlers.o)
    0x00000af4   0x00000168   Code   RO           13    i.get_status        smart_senseo.o
    0x00000c5c   0x00000230   Code   RO           14    i.main              smart_senseo.o
    0x00000e8c   0x00000078   Data   RO          207    .constdata          driverlib-cm4f.lib(gpio.o)
    0x00000f04   0x0000010c   Data   RO          469    .constdata          driverlib-cm4f.lib(interrupt.o)
    0x00001010   0x000001cc   Data   RO          612    .constdata          driverlib-cm4f.lib(sysctl.o)
    0x000011dc   0x00000020   Data   RO         1189    Region$$Table       anon$$obj.o


    Execution Region RW_IRAM1 (Base: 0x20000000, Size: 0x00000128, Max: 0x00008000, ABSOLUTE)

    Base Addr    Size         Type   Attr      Idx    E Section Name        Object

    0x20000000   0x00000008   Data   RW           16    .data               smart_senseo.o
    0x20000008   0x0000001e   Zero   RW           15    .bss                smart_senseo.o
    0x20000026   0x00000002   PAD
    0x20000028   0x00000100   Zero   RW            1    STACK               startup.o


==============================================================================

Image component sizes


      Code (inc. data)   RO Data    RW Data    ZI Data      Debug   Object Name

      1128        112          0          8         30       5993   smart_senseo.o
       644        624          0          0        256        224   startup.o

    ----------------------------------------------------------------------
      1772        736         32          8        288       6217   Object Totals
         0          0         32          0          0          0   (incl. Generated)
         0          0          0          0          2          0   (incl. Padding)

    ----------------------------------------------------------------------

      Code (inc. data)   RO Data    RW Data    ZI Data      Debug   Library Member Name

        38          0          0          0          0        504   cpu.o
        32          8          0          0          0       3928   fpu.o
       462          8        120          0          0       6783   gpio.o
       150         12        268          0          0       2283   interrupt.o
      1010         76        460          0          0       4560   sysctl.o
       166          0          0          0          0       4319   uart.o
         0          0          0          0          0          0   entry.o
         0          0          0          0          0          0   entry10a.o
         0          0          0          0          0          0   entry11a.o
         8          4          0          0          0          0   entry2.o
         4          0          0          0          0          0   entry5.o
         0          0          0          0          0          0   entry7b.o
         0          0          0          0          0          0   entry8b.o
         8          4          0          0          0          0   entry9a.o
        30          0          0          0          0          0   handlers.o
        36          8          0          0          0         68   init.o

    ----------------------------------------------------------------------
      1952        120        848          0          0      22445   Library Totals
         8          0          0          0          0          0   (incl. Padding)

    ----------------------------------------------------------------------

      Code (inc. data)   RO Data    RW Data    ZI Data      Debug   Library Name

      1858        104        848          0          0      22377   driverlib-cm4f.lib
        86         16          0          0          0         68   mc_w.l

    ----------------------------------------------------------------------
      1952        120        848          0          0      22445   Library Totals

    ----------------------------------------------------------------------

==============================================================================


      Code (inc. data)   RO Data    RW Data    ZI Data      Debug   

      3724        856        880          8        288      25862   Grand Totals
      3724        856        880          8        288      25862   ELF Image Totals
      3724        856        880          8          0          0   ROM Totals

==============================================================================

    Total RO  Size (Code + RO Data)                 4604 (   4.50kB)
    Total RW  Size (RW Data + ZI Data)               296 (   0.29kB)
    Total ROM Size (Code + RO Data + RW Data)       4612 (   4.50kB)

==============================================================================

